AR register_file behavioral //tholos.itserv.scss.tcd.ie/ugrad/agnewl/Project-1-Datapath-Design-Part-A-2/register_file.vhd sub00/vhpl25 1457016618
AR mux2_16bit behavioral //tholos.itserv.scss.tcd.ie/ugrad/agnewl/Project-1-Datapath-Design-Part-A-2/mux2_16bit.vhd sub00/vhpl13 1457016606
EN mux_d_data_bus_16bit NULL //tholos.itserv.scss.tcd.ie/ugrad/agnewl/Project-1-Datapath-Design-Part-B/mux_d_data_bus_16bit.vhd sub00/vhpl30 1457016623
EN decoder_3_to_8 NULL //tholos.itserv.scss.tcd.ie/ugrad/agnewl/Project-1-Datapath-Design-Part-B/decoder_3_to_8.vhd sub00/vhpl20 1457016613
EN ripple_carry_adder_16bit NULL //tholos.itserv.scss.tcd.ie/ugrad/agnewl/Project-1-Datapath-Design-Part-B/ripple_carry_adder_16bit.vhd sub00/vhpl06 1457016599
AR ripple_carry_adder_16bit structural_16 //tholos.itserv.scss.tcd.ie/ugrad/agnewl/Project-1-Datapath-Design-Part-B/ripple_carry_adder_16bit.vhd sub00/vhpl07 1457016600
EN mux_b_data_bus_16bit NULL //tholos.itserv.scss.tcd.ie/ugrad/agnewl/Project-1-Datapath-Design-Part-B/mux_b_data_bus_16bit.vhd sub00/vhpl26 1457016619
EN datapath NULL //tholos.itserv.scss.tcd.ie/ugrad/agnewl/Project-1-Datapath-Design-Part-B/datapath.vhd sub00/vhpl32 1457016625
AR b_input_logic behavioral //tholos.itserv.scss.tcd.ie/ugrad/agnewl/Project-1-Datapath-Design-Part-B/b_input_logic.vhd sub00/vhpl05 1457016598
AR shifter_16bit behavioral //tholos.itserv.scss.tcd.ie/ugrad/agnewl/Project-1-Datapath-Design-Part-B/shifter_16bit.vhd sub00/vhpl17 1457955654
AR decoder_3_to_8 dataflow_1 //tholos.itserv.scss.tcd.ie/ugrad/agnewl/Project-1-Datapath-Design-Part-B/decoder_3_to_8.vhd sub00/vhpl21 1457016614
EN reg16 NULL //tholos.itserv.scss.tcd.ie/ugrad/agnewl/Project-1-Datapath-Design-Part-A-2/reg16.vhd sub00/vhpl18 1457016611
AR reg16 behavioral //tholos.itserv.scss.tcd.ie/ugrad/agnewl/Project-1-Datapath-Design-Part-A-2/reg16.vhd sub00/vhpl19 1457016612
EN arithmetic_unit_16bit NULL //tholos.itserv.scss.tcd.ie/ugrad/agnewl/Project-1-Datapath-Design-Part-B/arithmetic_unit_16bit.vhd sub00/vhpl08 1457016601
AR mux_b_data_bus_16bit behavioral //tholos.itserv.scss.tcd.ie/ugrad/agnewl/Project-1-Datapath-Design-Part-B/mux_b_data_bus_16bit.vhd sub00/vhpl27 1457016620
EN register_file NULL //tholos.itserv.scss.tcd.ie/ugrad/agnewl/Project-1-Datapath-Design-Part-A-2/register_file.vhd sub00/vhpl24 1457016617
AR logic_unit_mux4_16bit behavioral //tholos.itserv.scss.tcd.ie/ugrad/agnewl/Project-1-Datapath-Design-Part-B/logic_unit_mux4_16bit.vhd sub00/vhpl03 1457016596
EN logic_unit_16bit NULL //tholos.itserv.scss.tcd.ie/ugrad/agnewl/Project-1-Datapath-Design-Part-B/logic_unit_16bit.vhd sub00/vhpl10 1457016603
AR functional_unit behavioral //tholos.itserv.scss.tcd.ie/ugrad/agnewl/Project-1-Datapath-Design-Part-B/functional_unit.vhd sub00/vhpl29 1457016622
EN full_adder NULL //tholos.itserv.scss.tcd.ie/ugrad/agnewl/Project-1-Datapath-Design-Part-B/full_adder.vhd sub00/vhpl00 1457016593
AR mux8_16bit behavioral //tholos.itserv.scss.tcd.ie/ugrad/agnewl/Project-1-Datapath-Design-Part-A-2/mux8_16bit.vhd sub00/vhpl23 1457016616
EN mux8_16bit NULL //tholos.itserv.scss.tcd.ie/ugrad/agnewl/Project-1-Datapath-Design-Part-A-2/mux8_16bit.vhd sub00/vhpl22 1457016615
AR mux_d_data_bus_16bit behavioral //tholos.itserv.scss.tcd.ie/ugrad/agnewl/Project-1-Datapath-Design-Part-B/mux_d_data_bus_16bit.vhd sub00/vhpl31 1457016624
AR logic_unit_16bit behavioral //tholos.itserv.scss.tcd.ie/ugrad/agnewl/Project-1-Datapath-Design-Part-B/logic_unit_16bit.vhd sub00/vhpl11 1457016604
EN arithmetic_logic_unit_16bit NULL //tholos.itserv.scss.tcd.ie/ugrad/agnewl/Project-1-Datapath-Design-Part-B/arithmetic_logic_unit_16bit.vhd sub00/vhpl14 1457016607
AR full_adder behavioral //tholos.itserv.scss.tcd.ie/ugrad/agnewl/Project-1-Datapath-Design-Part-B/full_adder.vhd sub00/vhpl01 1457016594
EN functional_unit NULL //tholos.itserv.scss.tcd.ie/ugrad/agnewl/Project-1-Datapath-Design-Part-B/functional_unit.vhd sub00/vhpl28 1457016621
AR datapath behavioral //tholos.itserv.scss.tcd.ie/ugrad/agnewl/Project-1-Datapath-Design-Part-B/datapath.vhd sub00/vhpl33 1457016626
EN logic_unit_mux4_16bit NULL //tholos.itserv.scss.tcd.ie/ugrad/agnewl/Project-1-Datapath-Design-Part-B/logic_unit_mux4_16bit.vhd sub00/vhpl02 1457016595
EN mux2_16bit NULL //tholos.itserv.scss.tcd.ie/ugrad/agnewl/Project-1-Datapath-Design-Part-A-2/mux2_16bit.vhd sub00/vhpl12 1457016605
EN b_input_logic NULL //tholos.itserv.scss.tcd.ie/ugrad/agnewl/Project-1-Datapath-Design-Part-B/b_input_logic.vhd sub00/vhpl04 1457016597
EN shifter_16bit NULL //tholos.itserv.scss.tcd.ie/ugrad/agnewl/Project-1-Datapath-Design-Part-B/shifter_16bit.vhd sub00/vhpl16 1457955653
AR arithmetic_logic_unit_16bit behavioral //tholos.itserv.scss.tcd.ie/ugrad/agnewl/Project-1-Datapath-Design-Part-B/arithmetic_logic_unit_16bit.vhd sub00/vhpl15 1457016608
AR arithmetic_unit_16bit behavioral //tholos.itserv.scss.tcd.ie/ugrad/agnewl/Project-1-Datapath-Design-Part-B/arithmetic_unit_16bit.vhd sub00/vhpl09 1457016602
