V3 67
FL //tholos.itserv.scss.tcd.ie/ugrad/agnewl/Project-1-Datapath-Design-Part-A-2/mux2_16bit.vhd 2016/02/15.12:34:46 O.61xd
EN work/mux2_16bit 1457016605 \
      FL //tholos.itserv.scss.tcd.ie/ugrad/agnewl/Project-1-Datapath-Design-Part-A-2/mux2_16bit.vhd \
      PB ieee/std_logic_1164 1308643377
AR work/mux2_16bit/Behavioral 1457016606 \
      FL //tholos.itserv.scss.tcd.ie/ugrad/agnewl/Project-1-Datapath-Design-Part-A-2/mux2_16bit.vhd \
      EN work/mux2_16bit 1457016605
FL //tholos.itserv.scss.tcd.ie/ugrad/agnewl/Project-1-Datapath-Design-Part-A-2/mux8_16bit.vhd 2016/02/15.12:37:28 O.61xd
EN work/mux8_16bit 1457016615 \
      FL //tholos.itserv.scss.tcd.ie/ugrad/agnewl/Project-1-Datapath-Design-Part-A-2/mux8_16bit.vhd \
      PB ieee/std_logic_1164 1308643377
AR work/mux8_16bit/Behavioral 1457016616 \
      FL //tholos.itserv.scss.tcd.ie/ugrad/agnewl/Project-1-Datapath-Design-Part-A-2/mux8_16bit.vhd \
      EN work/mux8_16bit 1457016615
FL //tholos.itserv.scss.tcd.ie/ugrad/agnewl/Project-1-Datapath-Design-Part-A-2/reg16.vhd 2016/02/15.12:29:14 O.61xd
EN work/reg16 1457016611 \
      FL //tholos.itserv.scss.tcd.ie/ugrad/agnewl/Project-1-Datapath-Design-Part-A-2/reg16.vhd \
      PB ieee/std_logic_1164 1308643377
AR work/reg16/Behavioral 1457016612 \
      FL //tholos.itserv.scss.tcd.ie/ugrad/agnewl/Project-1-Datapath-Design-Part-A-2/reg16.vhd \
      EN work/reg16 1457016611
FL //tholos.itserv.scss.tcd.ie/ugrad/agnewl/Project-1-Datapath-Design-Part-A-2/register_file.vhd 2016/03/03.12:29:01 O.61xd
EN work/register_file 1457016617 \
      FL //tholos.itserv.scss.tcd.ie/ugrad/agnewl/Project-1-Datapath-Design-Part-A-2/register_file.vhd \
      PB ieee/std_logic_1164 1308643377
AR work/register_file/Behavioral 1457016618 \
      FL //tholos.itserv.scss.tcd.ie/ugrad/agnewl/Project-1-Datapath-Design-Part-A-2/register_file.vhd \
      EN work/register_file 1457016617 CP reg16 CP decoder_3_to_8 CP mux8_16bit
FL //tholos.itserv.scss.tcd.ie/ugrad/agnewl/Project-1-Datapath-Design-Part-B/arithmetic_logic_unit_16bit.vhd 2016/03/02.12:02:40 O.61xd
EN work/arithmetic_logic_unit_16bit 1457016607 \
      FL //tholos.itserv.scss.tcd.ie/ugrad/agnewl/Project-1-Datapath-Design-Part-B/arithmetic_logic_unit_16bit.vhd \
      PB ieee/std_logic_1164 1308643377
AR work/arithmetic_logic_unit_16bit/Behavioral 1457016608 \
      FL //tholos.itserv.scss.tcd.ie/ugrad/agnewl/Project-1-Datapath-Design-Part-B/arithmetic_logic_unit_16bit.vhd \
      EN work/arithmetic_logic_unit_16bit 1457016607 CP arithmetic_unit_16bit \
      CP logic_unit_16bit CP mux2_16bit
FL //tholos.itserv.scss.tcd.ie/ugrad/agnewl/Project-1-Datapath-Design-Part-B/arithmetic_unit_16bit.vhd 2016/03/02.12:56:08 O.61xd
EN work/arithmetic_unit_16bit 1457016601 \
      FL //tholos.itserv.scss.tcd.ie/ugrad/agnewl/Project-1-Datapath-Design-Part-B/arithmetic_unit_16bit.vhd \
      PB ieee/std_logic_1164 1308643377
AR work/arithmetic_unit_16bit/Behavioral 1457016602 \
      FL //tholos.itserv.scss.tcd.ie/ugrad/agnewl/Project-1-Datapath-Design-Part-B/arithmetic_unit_16bit.vhd \
      EN work/arithmetic_unit_16bit 1457016601 CP b_input_logic \
      CP ripple_carry_adder_16bit
FL //tholos.itserv.scss.tcd.ie/ugrad/agnewl/Project-1-Datapath-Design-Part-B/b_input_logic.vhd 2016/03/02.12:39:45 O.61xd
EN work/b_input_logic 1457016597 \
      FL //tholos.itserv.scss.tcd.ie/ugrad/agnewl/Project-1-Datapath-Design-Part-B/b_input_logic.vhd \
      PB ieee/std_logic_1164 1308643377
AR work/b_input_logic/Behavioral 1457016598 \
      FL //tholos.itserv.scss.tcd.ie/ugrad/agnewl/Project-1-Datapath-Design-Part-B/b_input_logic.vhd \
      EN work/b_input_logic 1457016597
FL //tholos.itserv.scss.tcd.ie/ugrad/agnewl/Project-1-Datapath-Design-Part-B/datapath.vhd 2016/03/03.13:37:49 O.61xd
EN work/datapath 1457016625 \
      FL //tholos.itserv.scss.tcd.ie/ugrad/agnewl/Project-1-Datapath-Design-Part-B/datapath.vhd \
      PB ieee/std_logic_1164 1308643377
AR work/datapath/Behavioral 1457016626 \
      FL //tholos.itserv.scss.tcd.ie/ugrad/agnewl/Project-1-Datapath-Design-Part-B/datapath.vhd \
      EN work/datapath 1457016625 CP register_file CP mux_b_data_bus_16bit \
      CP functional_unit CP mux_d_data_bus_16bit
FL //tholos.itserv.scss.tcd.ie/ugrad/agnewl/Project-1-Datapath-Design-Part-B/decoder_3_to_8.vhd 2016/02/16.17:21:36 O.61xd
EN work/decoder_3_to_8 1457016613 \
      FL //tholos.itserv.scss.tcd.ie/ugrad/agnewl/Project-1-Datapath-Design-Part-B/decoder_3_to_8.vhd \
      PB ieee/std_logic_1164 1308643377
AR work/decoder_3_to_8/dataflow_1 1457016614 \
      FL //tholos.itserv.scss.tcd.ie/ugrad/agnewl/Project-1-Datapath-Design-Part-B/decoder_3_to_8.vhd \
      EN work/decoder_3_to_8 1457016613
FL //tholos.itserv.scss.tcd.ie/ugrad/agnewl/Project-1-Datapath-Design-Part-B/full_adder.vhd 2016/02/29.14:20:02 O.61xd
EN work/full_adder 1457016593 \
      FL //tholos.itserv.scss.tcd.ie/ugrad/agnewl/Project-1-Datapath-Design-Part-B/full_adder.vhd \
      PB ieee/std_logic_1164 1308643377
AR work/full_adder/Behavioral 1457016594 \
      FL //tholos.itserv.scss.tcd.ie/ugrad/agnewl/Project-1-Datapath-Design-Part-B/full_adder.vhd \
      EN work/full_adder 1457016593
FL //tholos.itserv.scss.tcd.ie/ugrad/agnewl/Project-1-Datapath-Design-Part-B/functional_unit.vhd 2016/03/02.14:17:18 O.61xd
EN work/functional_unit 1457016621 \
      FL //tholos.itserv.scss.tcd.ie/ugrad/agnewl/Project-1-Datapath-Design-Part-B/functional_unit.vhd \
      PB ieee/std_logic_1164 1308643377
AR work/functional_unit/Behavioral 1457016622 \
      FL //tholos.itserv.scss.tcd.ie/ugrad/agnewl/Project-1-Datapath-Design-Part-B/functional_unit.vhd \
      EN work/functional_unit 1457016621 CP arithmetic_logic_unit_16bit \
      CP shifter_16bit CP mux2_16bit
FL //tholos.itserv.scss.tcd.ie/ugrad/agnewl/Project-1-Datapath-Design-Part-B/logic_unit_16bit.vhd 2016/03/02.12:00:37 O.61xd
EN work/logic_unit_16bit 1457016603 \
      FL //tholos.itserv.scss.tcd.ie/ugrad/agnewl/Project-1-Datapath-Design-Part-B/logic_unit_16bit.vhd \
      PB ieee/std_logic_1164 1308643377
AR work/logic_unit_16bit/Behavioral 1457016604 \
      FL //tholos.itserv.scss.tcd.ie/ugrad/agnewl/Project-1-Datapath-Design-Part-B/logic_unit_16bit.vhd \
      EN work/logic_unit_16bit 1457016603 CP logic_unit_mux4_16bit
FL //tholos.itserv.scss.tcd.ie/ugrad/agnewl/Project-1-Datapath-Design-Part-B/logic_unit_mux4_16bit.vhd 2016/03/01.15:29:22 O.61xd
EN work/logic_unit_mux4_16bit 1457016595 \
      FL //tholos.itserv.scss.tcd.ie/ugrad/agnewl/Project-1-Datapath-Design-Part-B/logic_unit_mux4_16bit.vhd \
      PB ieee/std_logic_1164 1308643377
AR work/logic_unit_mux4_16bit/Behavioral 1457016596 \
      FL //tholos.itserv.scss.tcd.ie/ugrad/agnewl/Project-1-Datapath-Design-Part-B/logic_unit_mux4_16bit.vhd \
      EN work/logic_unit_mux4_16bit 1457016595
FL //tholos.itserv.scss.tcd.ie/ugrad/agnewl/Project-1-Datapath-Design-Part-B/mux_b_data_bus_16bit.vhd 2016/03/03.12:38:36 O.61xd
EN work/mux_b_data_bus_16bit 1457016619 \
      FL //tholos.itserv.scss.tcd.ie/ugrad/agnewl/Project-1-Datapath-Design-Part-B/mux_b_data_bus_16bit.vhd \
      PB ieee/std_logic_1164 1308643377
AR work/mux_b_data_bus_16bit/Behavioral 1457016620 \
      FL //tholos.itserv.scss.tcd.ie/ugrad/agnewl/Project-1-Datapath-Design-Part-B/mux_b_data_bus_16bit.vhd \
      EN work/mux_b_data_bus_16bit 1457016619
FL //tholos.itserv.scss.tcd.ie/ugrad/agnewl/Project-1-Datapath-Design-Part-B/mux_d_data_bus_16bit.vhd 2016/03/03.12:39:04 O.61xd
EN work/mux_d_data_bus_16bit 1457016623 \
      FL //tholos.itserv.scss.tcd.ie/ugrad/agnewl/Project-1-Datapath-Design-Part-B/mux_d_data_bus_16bit.vhd \
      PB ieee/std_logic_1164 1308643377
AR work/mux_d_data_bus_16bit/Behavioral 1457016624 \
      FL //tholos.itserv.scss.tcd.ie/ugrad/agnewl/Project-1-Datapath-Design-Part-B/mux_d_data_bus_16bit.vhd \
      EN work/mux_d_data_bus_16bit 1457016623
FL //tholos.itserv.scss.tcd.ie/ugrad/agnewl/Project-1-Datapath-Design-Part-B/ripple_carry_adder_16bit.vhd 2016/02/29.14:58:44 O.61xd
EN work/ripple_carry_adder_16bit 1457016599 \
      FL //tholos.itserv.scss.tcd.ie/ugrad/agnewl/Project-1-Datapath-Design-Part-B/ripple_carry_adder_16bit.vhd \
      PB ieee/std_logic_1164 1308643377
AR work/ripple_carry_adder_16bit/structural_16 1457016600 \
      FL //tholos.itserv.scss.tcd.ie/ugrad/agnewl/Project-1-Datapath-Design-Part-B/ripple_carry_adder_16bit.vhd \
      EN work/ripple_carry_adder_16bit 1457016599 CP full_adder
FL //tholos.itserv.scss.tcd.ie/ugrad/agnewl/Project-1-Datapath-Design-Part-B/shifter_16bit.vhd 2016/03/08.18:17:22 O.61xd
EN work/shifter_16bit 1457955653 \
      FL //tholos.itserv.scss.tcd.ie/ugrad/agnewl/Project-1-Datapath-Design-Part-B/shifter_16bit.vhd \
      PB ieee/std_logic_1164 1308643377 PB ieee/NUMERIC_STD 1308643378
AR work/shifter_16bit/Behavioral 1457955654 \
      FL //tholos.itserv.scss.tcd.ie/ugrad/agnewl/Project-1-Datapath-Design-Part-B/shifter_16bit.vhd \
      EN work/shifter_16bit 1457955653
